[2026-03-18T22:11:04.407488Z] session=NULL user_id=0 action=GET table=sys_session id= ip=[::1] status=fail
[2026-03-18T22:11:04.415354Z] session=NULL user_id=0 action=GET table=sys_session id= ip=[::1] status=fail
[2026-03-18T22:11:08.384355Z] session=NULL user_id=0 action=GET table=sys_session id= ip=[::1] status=fail
[2026-03-18T22:11:08.391321Z] session=NULL user_id=0 action=GET table=sys_session id= ip=[::1] status=fail
[2026-03-18T22:11:45.538393Z] session=NULL user_id=0 action=POST table=sys_session id= ip=[::1] status=fail
[2026-03-18T22:11:54.837369Z] session=NULL user_id=0 action=GET table=sys_session id= ip=[::1] status=fail
[2026-03-18T22:11:54.839899Z] session=NULL user_id=0 action=GET table=sys_session id= ip=[::1] status=fail
[2026-03-18T22:15:06.536863Z] session=NULL user_id=0 action=GET table=sys_session id= ip=[::1] status=fail
[2026-03-18T22:15:06.539599Z] session=NULL user_id=0 action=GET table=sys_session id= ip=[::1] status=fail
[2026-03-18T22:15:06.545072Z] session=NULL user_id=0 action=GET table=sys_session id= ip=[::1] status=fail
[2026-03-18T22:15:06.547582Z] session=NULL user_id=0 action=GET table=sys_session id= ip=[::1] status=fail
[2026-03-18T22:17:42.87793Z] session=NULL user_id=0 action=POST table=sys_session id= ip=[::1] status=success
[2026-03-18T22:17:54.824896Z] session=NULL user_id=0 action=POST table=sys_session id= ip=[::1] status=success
[2026-03-18T22:17:54.833268Z] session=NULL user_id=0 action=GET table=sys_session id= ip=[::1] status=success
[2026-03-18T22:17:54.87546Z] session=NULL user_id=0 action=GET table=Listing id= ip=[::1] status=success
[2026-03-18T22:17:54.878781Z] session=NULL user_id=0 action=GET table=Notification id= ip=[::1] status=success
[2026-03-18T22:17:54.883261Z] session=NULL user_id=0 action=GET table=Listing id= ip=[::1] status=success
[2026-03-18T22:17:54.886237Z] session=NULL user_id=0 action=GET table=Notification id= ip=[::1] status=success
[2026-03-18T22:18:11.681371Z] session=NULL user_id=0 action=GET table=Member id=1 ip=[::1] status=success
[2026-03-18T22:18:11.695424Z] session=NULL user_id=0 action=GET table=Member id=1 ip=[::1] status=success
[2026-03-18T22:19:14.990922Z] session=NULL user_id=0 action=GET table=Notification id= ip=[::1] status=success
[2026-03-18T22:19:14.99224Z] session=NULL user_id=0 action=GET table=Listing id= ip=[::1] status=success
[2026-03-18T22:19:14.998828Z] session=NULL user_id=0 action=GET table=Notification id= ip=[::1] status=success
[2026-03-18T22:19:14.999625Z] session=NULL user_id=0 action=GET table=Listing id= ip=[::1] status=success
[2026-03-18T22:19:28.28765Z] session=NULL user_id=0 action=GET table=Listing id= ip=[::1] status=success
[2026-03-18T22:19:28.288555Z] session=NULL user_id=0 action=GET table=Notification id= ip=[::1] status=success
[2026-03-18T22:19:28.299889Z] session=NULL user_id=0 action=GET table=Listing id= ip=[::1] status=success
[2026-03-18T22:19:28.30017Z] session=NULL user_id=0 action=GET table=Notification id= ip=[::1] status=success
[2026-03-18T22:19:29.153555Z] session=NULL user_id=0 action=GET table=Listing id= ip=[::1] status=success
[2026-03-18T22:19:29.154203Z] session=NULL user_id=0 action=GET table=Notification id= ip=[::1] status=success
[2026-03-18T22:19:29.162917Z] session=NULL user_id=0 action=GET table=Listing id= ip=[::1] status=success
[2026-03-18T22:19:29.163608Z] session=NULL user_id=0 action=GET table=Notification id= ip=[::1] status=success
[2026-03-18T22:19:30.05256Z] session=NULL user_id=0 action=GET table=Notification id= ip=[::1] status=success
[2026-03-18T22:19:30.052843Z] session=NULL user_id=0 action=GET table=Listing id= ip=[::1] status=success
[2026-03-18T22:19:30.060756Z] session=NULL user_id=0 action=GET table=Notification id= ip=[::1] status=success
[2026-03-18T22:19:30.06156Z] session=NULL user_id=0 action=GET table=Listing id= ip=[::1] status=success
[2026-03-18T22:19:36.455745Z] session=NULL user_id=0 action=GET table=Listing id= ip=[::1] status=success
[2026-03-18T22:19:36.45658Z] session=NULL user_id=0 action=GET table=WishRequest id= ip=[::1] status=success
[2026-03-18T22:19:36.461552Z] session=NULL user_id=0 action=GET table=Listing id= ip=[::1] status=success
[2026-03-18T22:19:36.465366Z] session=NULL user_id=0 action=GET table=WishRequest id= ip=[::1] status=success
[2026-03-18T22:19:36.46651Z] session=NULL user_id=0 action=GET table=Listing id= ip=[::1] status=success
[2026-03-18T22:19:36.474332Z] session=NULL user_id=0 action=GET table=Listing id= ip=[::1] status=success
[2026-03-18T22:19:36.476941Z] session=NULL user_id=0 action=GET table=Listing id= ip=[::1] status=success
[2026-03-18T22:19:36.48186Z] session=NULL user_id=0 action=GET table=Listing id= ip=[::1] status=success
[2026-03-18T22:19:48.460361Z] session=NULL user_id=0 action=GET table=Notification id= ip=[::1] status=success
[2026-03-18T22:19:48.460618Z] session=NULL user_id=0 action=GET table=Listing id= ip=[::1] status=success
[2026-03-18T22:19:48.46968Z] session=NULL user_id=0 action=GET table=Listing id= ip=[::1] status=success
[2026-03-18T22:19:48.469887Z] session=NULL user_id=0 action=GET table=Notification id= ip=[::1] status=success
[2026-03-18T22:19:50.404719Z] session=NULL user_id=0 action=GET table=WishRequest id= ip=[::1] status=success
[2026-03-18T22:19:50.40496Z] session=NULL user_id=0 action=GET table=Listing id= ip=[::1] status=success
[2026-03-18T22:19:50.406671Z] session=NULL user_id=0 action=GET table=Listing id= ip=[::1] status=success
[2026-03-18T22:19:50.416773Z] session=NULL user_id=0 action=GET table=WishRequest id= ip=[::1] status=success
[2026-03-18T22:19:50.419083Z] session=NULL user_id=0 action=GET table=Listing id= ip=[::1] status=success
[2026-03-18T22:19:50.420473Z] session=NULL user_id=0 action=GET table=Listing id= ip=[::1] status=success
[2026-03-18T22:19:50.429072Z] session=NULL user_id=0 action=GET table=Listing id= ip=[::1] status=success
[2026-03-18T22:19:50.434736Z] session=NULL user_id=0 action=GET table=Listing id= ip=[::1] status=success
[2026-03-18T22:19:51.616899Z] session=NULL user_id=0 action=GET table=Listing id= ip=[::1] status=success
[2026-03-18T22:19:51.617764Z] session=NULL user_id=0 action=GET table=Notification id= ip=[::1] status=success
[2026-03-18T22:19:51.62441Z] session=NULL user_id=0 action=GET table=Listing id= ip=[::1] status=success
[2026-03-18T22:19:51.625586Z] session=NULL user_id=0 action=GET table=Notification id= ip=[::1] status=success
[2026-03-18T22:19:53.609407Z] session=NULL user_id=0 action=GET table=Member id=1 ip=[::1] status=success
[2026-03-18T22:19:53.619565Z] session=NULL user_id=0 action=GET table=Member id=1 ip=[::1] status=success
[2026-03-18T22:19:56.321734Z] session=NULL user_id=0 action=GET table=Notification id= ip=[::1] status=success
[2026-03-18T22:19:56.32312Z] session=NULL user_id=0 action=GET table=Listing id= ip=[::1] status=success
[2026-03-18T22:19:56.332048Z] session=NULL user_id=0 action=GET table=Notification id= ip=[::1] status=success
[2026-03-18T22:19:56.333157Z] session=NULL user_id=0 action=GET table=Listing id= ip=[::1] status=success
[2026-03-18T22:19:57.644395Z] session=NULL user_id=0 action=GET table=Listing id= ip=[::1] status=success
[2026-03-18T22:19:57.654913Z] session=NULL user_id=0 action=GET table=Listing id= ip=[::1] status=success
[2026-03-18T22:27:37.379105Z] session=NULL user_id=0 action=GET table=sys_session id= ip=[::1] status=success
[2026-03-18T22:27:37.385496Z] session=NULL user_id=0 action=GET table=sys_session id= ip=[::1] status=success
[2026-03-18T22:27:37.425916Z] session=NULL user_id=0 action=GET table=Listing id= ip=[::1] status=success
[2026-03-18T22:27:37.428856Z] session=NULL user_id=0 action=GET table=Notification id= ip=[::1] status=success
[2026-03-18T22:27:37.434486Z] session=NULL user_id=0 action=GET table=Listing id= ip=[::1] status=success
[2026-03-18T22:27:37.438819Z] session=NULL user_id=0 action=GET table=Notification id= ip=[::1] status=success
[2026-03-18T22:27:46.859892Z] session=NULL user_id=0 action=POST table=sys_session id= ip=[::1] status=success
[2026-03-19T20:26:24.443694Z] session=NULL user_id=0 action=GET table=sys_session id= ip=[::1] status=fail
[2026-03-19T20:26:24.455315Z] session=NULL user_id=0 action=GET table=sys_session id= ip=[::1] status=fail
[2026-03-19T20:26:28.954703Z] session=NULL user_id=0 action=GET table=sys_session id= ip=[::1] status=fail
[2026-03-19T20:26:28.959349Z] session=NULL user_id=0 action=GET table=sys_session id= ip=[::1] status=fail
[2026-03-19T20:26:31.09466Z] session=NULL user_id=0 action=GET table=sys_session id= ip=[::1] status=fail
[2026-03-19T20:26:31.097212Z] session=NULL user_id=0 action=GET table=sys_session id= ip=[::1] status=fail
[2026-03-19T20:26:54.795707Z] session=NULL user_id=0 action=GET table=sys_session id= ip=[::1] status=fail
[2026-03-19T20:26:54.804787Z] session=NULL user_id=0 action=GET table=sys_session id= ip=[::1] status=fail
[2026-03-19T20:27:47.1073Z] session=NULL user_id=0 action=POST table=sys_session id= ip=[::1] status=success
[2026-03-19T20:27:47.117583Z] session=NULL user_id=0 action=GET table=sys_session id= ip=[::1] status=success
[2026-03-19T20:27:47.147648Z] session=NULL user_id=0 action=GET table=audit_log id= ip=[::1] status=success
[2026-03-19T20:27:47.152317Z] session=NULL user_id=0 action=GET table=audit_log id= ip=[::1] status=success
[2026-03-19T20:27:56.112094Z] session=NULL user_id=0 action=GET table=Member id= ip=[::1] status=fail
[2026-03-19T20:27:56.121054Z] session=NULL user_id=0 action=GET table=Member id= ip=[::1] status=fail
[2026-03-19T20:28:01.338772Z] session=NULL user_id=0 action=GET table=Member id= ip=[::1] status=success
[2026-03-19T20:28:01.347889Z] session=NULL user_id=0 action=GET table=Member id= ip=[::1] status=success
[2026-03-19T20:28:07.719052Z] session=NULL user_id=0 action=GET table=audit_log id= ip=[::1] status=success
[2026-03-19T20:28:07.729406Z] session=NULL user_id=0 action=GET table=audit_log id= ip=[::1] status=success
[2026-03-19T20:28:08.806622Z] session=NULL user_id=0 action=GET table=Member id= ip=[::1] status=success
[2026-03-19T20:28:08.814637Z] session=NULL user_id=0 action=GET table=Member id= ip=[::1] status=success
[2026-03-19T20:28:09.941493Z] session=NULL user_id=0 action=GET table=audit_log id= ip=[::1] status=success
[2026-03-19T20:28:09.953211Z] session=NULL user_id=0 action=GET table=audit_log id= ip=[::1] status=success
[2026-03-19T20:28:10.550235Z] session=NULL user_id=0 action=GET table=Listing id= ip=[::1] status=success
[2026-03-19T20:28:10.556134Z] session=NULL user_id=0 action=GET table=Listing id= ip=[::1] status=success
[2026-03-19T20:28:10.557009Z] session=NULL user_id=0 action=GET table=WishRequest id= ip=[::1] status=success
[2026-03-19T20:28:10.562146Z] session=NULL user_id=0 action=GET table=Listing id= ip=[::1] status=success
[2026-03-19T20:28:10.563107Z] session=NULL user_id=0 action=GET table=Listing id= ip=[::1] status=success
[2026-03-19T20:28:10.564031Z] session=NULL user_id=0 action=GET table=WishRequest id= ip=[::1] status=success
[2026-03-19T20:28:10.566617Z] session=NULL user_id=0 action=GET table=Listing id= ip=[::1] status=success
[2026-03-19T20:28:10.570704Z] session=NULL user_id=0 action=GET table=Listing id= ip=[::1] status=success
[2026-03-19T20:28:11.309113Z] session=NULL user_id=0 action=GET table=audit_log id= ip=[::1] status=success
[2026-03-19T20:28:11.317341Z] session=NULL user_id=0 action=GET table=audit_log id= ip=[::1] status=success
[2026-03-19T20:28:18.862318Z] session=NULL user_id=0 action=GET table=Listing id= ip=[::1] status=success
[2026-03-19T20:28:18.86536Z] session=NULL user_id=0 action=GET table=Listing id= ip=[::1] status=success
[2026-03-19T20:28:18.866245Z] session=NULL user_id=0 action=GET table=WishRequest id= ip=[::1] status=success
[2026-03-19T20:28:18.874569Z] session=NULL user_id=0 action=GET table=Listing id= ip=[::1] status=success
[2026-03-19T20:28:18.87506Z] session=NULL user_id=0 action=GET table=WishRequest id= ip=[::1] status=success
[2026-03-19T20:28:18.876614Z] session=NULL user_id=0 action=GET table=Listing id= ip=[::1] status=success
[2026-03-19T20:28:18.881256Z] session=NULL user_id=0 action=GET table=Listing id= ip=[::1] status=success
[2026-03-19T20:28:18.885959Z] session=NULL user_id=0 action=GET table=Listing id= ip=[::1] status=success
[2026-03-19T20:28:21.161798Z] session=NULL user_id=0 action=GET table=audit_log id= ip=[::1] status=success
[2026-03-19T20:28:21.173864Z] session=NULL user_id=0 action=GET table=audit_log id= ip=[::1] status=success
[2026-03-19T20:28:27.739983Z] session=NULL user_id=0 action=GET table=Listing id= ip=[::1] status=success
[2026-03-19T20:28:27.742335Z] session=NULL user_id=0 action=GET table=WishRequest id= ip=[::1] status=success
[2026-03-19T20:28:27.745136Z] session=NULL user_id=0 action=GET table=Listing id= ip=[::1] status=success
[2026-03-19T20:28:27.750385Z] session=NULL user_id=0 action=GET table=Listing id= ip=[::1] status=success
[2026-03-19T20:28:27.752929Z] session=NULL user_id=0 action=GET table=WishRequest id= ip=[::1] status=success
[2026-03-19T20:28:27.753728Z] session=NULL user_id=0 action=GET table=Listing id= ip=[::1] status=success
[2026-03-19T20:28:27.759714Z] session=NULL user_id=0 action=GET table=Listing id= ip=[::1] status=success
[2026-03-19T20:28:27.764973Z] session=NULL user_id=0 action=GET table=Listing id= ip=[::1] status=success
[2026-03-19T20:28:30.263397Z] session=NULL user_id=0 action=GET table=audit_log id= ip=[::1] status=success
[2026-03-19T20:28:30.278622Z] session=NULL user_id=0 action=GET table=audit_log id= ip=[::1] status=success
[2026-03-19T20:28:31.846302Z] session=NULL user_id=0 action=GET table=Member id= ip=[::1] status=success
[2026-03-19T20:28:31.858161Z] session=NULL user_id=0 action=GET table=Member id= ip=[::1] status=success
[2026-03-19T20:28:32.910332Z] session=NULL user_id=0 action=GET table=audit_log id= ip=[::1] status=success
[2026-03-19T20:28:32.919862Z] session=NULL user_id=0 action=GET table=audit_log id= ip=[::1] status=success
[2026-03-19T20:28:33.425631Z] session=NULL user_id=0 action=GET table=WishRequest id= ip=[::1] status=success
[2026-03-19T20:28:33.426501Z] session=NULL user_id=0 action=GET table=Listing id= ip=[::1] status=success
[2026-03-19T20:28:33.426782Z] session=NULL user_id=0 action=GET table=Listing id= ip=[::1] status=success
[2026-03-19T20:28:33.434223Z] session=NULL user_id=0 action=GET table=WishRequest id= ip=[::1] status=success
[2026-03-19T20:28:33.434767Z] session=NULL user_id=0 action=GET table=Listing id= ip=[::1] status=success
[2026-03-19T20:28:33.434916Z] session=NULL user_id=0 action=GET table=Listing id= ip=[::1] status=success
[2026-03-19T20:28:33.441107Z] session=NULL user_id=0 action=GET table=Listing id= ip=[::1] status=success
[2026-03-19T20:28:33.446365Z] session=NULL user_id=0 action=GET table=Listing id= ip=[::1] status=success
[2026-03-19T20:28:34.741979Z] session=NULL user_id=0 action=GET table=Member id= ip=[::1] status=success
[2026-03-19T20:28:34.749862Z] session=NULL user_id=0 action=GET table=Member id= ip=[::1] status=success
[2026-03-19T20:28:40.895183Z] session=NULL user_id=0 action=GET table=Listing id= ip=[::1] status=success
[2026-03-19T20:28:40.896289Z] session=NULL user_id=0 action=GET table=Listing id= ip=[::1] status=success
[2026-03-19T20:28:40.896625Z] session=NULL user_id=0 action=GET table=WishRequest id= ip=[::1] status=success
[2026-03-19T20:28:40.909304Z] session=NULL user_id=0 action=GET table=Listing id= ip=[::1] status=success
[2026-03-19T20:28:40.909848Z] session=NULL user_id=0 action=GET table=WishRequest id= ip=[::1] status=success
[2026-03-19T20:28:40.910136Z] session=NULL user_id=0 action=GET table=Listing id= ip=[::1] status=success
[2026-03-19T20:28:40.916176Z] session=NULL user_id=0 action=GET table=Listing id= ip=[::1] status=success
[2026-03-19T20:28:40.922264Z] session=NULL user_id=0 action=GET table=Listing id= ip=[::1] status=success
[2026-03-19T20:31:25.279761Z] session=NULL user_id=0 action=POST table=sys_session id= ip=[::1] status=success
[2026-03-19T20:31:25.292912Z] session=NULL user_id=0 action=GET table=sys_session id= ip=[::1] status=success
[2026-03-19T20:31:25.330262Z] session=NULL user_id=0 action=GET table=Listing id= ip=[::1] status=success
[2026-03-19T20:31:25.333515Z] session=NULL user_id=0 action=GET table=Notification id= ip=[::1] status=success
[2026-03-19T20:31:25.336245Z] session=NULL user_id=0 action=GET table=Listing id= ip=[::1] status=success
[2026-03-19T20:31:25.339423Z] session=NULL user_id=0 action=GET table=Notification id= ip=[::1] status=success
[2026-03-19T20:31:33.522555Z] session=NULL user_id=0 action=GET table=Member id=1 ip=[::1] status=success
[2026-03-19T20:31:33.530995Z] session=NULL user_id=0 action=GET table=Member id=1 ip=[::1] status=success
[2026-03-19T20:31:49.445914Z] session=NULL user_id=0 action=GET table=audit_log id= ip=[::1] status=success
[2026-03-19T20:31:49.45619Z] session=NULL user_id=0 action=GET table=audit_log id= ip=[::1] status=success
[2026-03-19T20:31:52.31322Z] session=NULL user_id=0 action=GET table=Member id= ip=[::1] status=success
[2026-03-19T20:31:52.320277Z] session=NULL user_id=0 action=GET table=Member id= ip=[::1] status=success
[2026-03-19T20:32:17.379341Z] session=NULL user_id=0 action=GET table=Listing id= ip=[::1] status=success
[2026-03-19T20:32:17.379913Z] session=NULL user_id=0 action=GET table=WishRequest id= ip=[::1] status=success
[2026-03-19T20:32:17.389623Z] session=NULL user_id=0 action=GET table=Listing id= ip=[::1] status=success
[2026-03-19T20:32:17.390487Z] session=NULL user_id=0 action=GET table=WishRequest id= ip=[::1] status=success
[2026-03-19T20:32:17.391108Z] session=NULL user_id=0 action=GET table=Listing id= ip=[::1] status=success
[2026-03-19T20:32:17.400451Z] session=NULL user_id=0 action=GET table=Listing id= ip=[::1] status=success
[2026-03-19T20:32:17.401039Z] session=NULL user_id=0 action=GET table=Listing id= ip=[::1] status=success
[2026-03-19T20:32:17.407337Z] session=NULL user_id=0 action=GET table=Listing id= ip=[::1] status=success
[2026-03-19T20:32:18.265379Z] session=NULL user_id=0 action=GET table=audit_log id= ip=[::1] status=success
[2026-03-19T20:32:18.278674Z] session=NULL user_id=0 action=GET table=audit_log id= ip=[::1] status=success
[2026-03-19T20:32:28.309153Z] session=NULL user_id=0 action=GET table=Listing id= ip=[::1] status=success
[2026-03-19T20:32:28.309279Z] session=NULL user_id=0 action=GET table=WishRequest id= ip=[::1] status=success
[2026-03-19T20:32:28.309775Z] session=NULL user_id=0 action=GET table=Listing id= ip=[::1] status=success
[2026-03-19T20:32:28.318711Z] session=NULL user_id=0 action=GET table=WishRequest id= ip=[::1] status=success
[2026-03-19T20:32:28.319175Z] session=NULL user_id=0 action=GET table=Listing id= ip=[::1] status=success
[2026-03-19T20:32:28.319485Z] session=NULL user_id=0 action=GET table=Listing id= ip=[::1] status=success
[2026-03-19T20:32:28.325106Z] session=NULL user_id=0 action=GET table=Listing id= ip=[::1] status=success
[2026-03-19T20:32:28.328586Z] session=NULL user_id=0 action=GET table=Listing id= ip=[::1] status=success
[2026-03-19T20:32:30.934452Z] session=NULL user_id=0 action=GET table=Member id= ip=[::1] status=success
[2026-03-19T20:32:30.944198Z] session=NULL user_id=0 action=GET table=Member id= ip=[::1] status=success
[2026-03-19T20:32:33.27018Z] session=NULL user_id=0 action=GET table=Member id= ip=[::1] status=success
[2026-03-19T20:32:33.409625Z] session=NULL user_id=0 action=GET table=Member id= ip=[::1] status=success
[2026-03-19T20:32:33.500072Z] session=NULL user_id=0 action=GET table=Member id= ip=[::1] status=success
[2026-03-19T20:32:33.950018Z] session=NULL user_id=0 action=GET table=Member id= ip=[::1] status=success
[2026-03-19T20:32:34.249575Z] session=NULL user_id=0 action=GET table=Member id= ip=[::1] status=success
[2026-03-19T20:32:34.634269Z] session=NULL user_id=0 action=GET table=Member id= ip=[::1] status=success
[2026-03-19T20:32:35.093045Z] session=NULL user_id=0 action=GET table=Member id= ip=[::1] status=success
[2026-03-19T20:32:35.247809Z] session=NULL user_id=0 action=GET table=Member id= ip=[::1] status=success
[2026-03-19T20:32:35.514553Z] session=NULL user_id=0 action=GET table=Member id= ip=[::1] status=success
[2026-03-19T20:32:36.054113Z] session=NULL user_id=0 action=GET table=Member id= ip=[::1] status=success
[2026-03-19T20:32:36.106291Z] session=NULL user_id=0 action=GET table=Member id= ip=[::1] status=success
[2026-03-19T20:32:36.230601Z] session=NULL user_id=0 action=GET table=Member id= ip=[::1] status=success
[2026-03-19T20:32:36.319072Z] session=NULL user_id=0 action=GET table=Member id= ip=[::1] status=success
[2026-03-19T20:32:37.34083Z] session=NULL user_id=0 action=GET table=Member id= ip=[::1] status=success
[2026-03-19T20:32:38.536921Z] session=NULL user_id=0 action=GET table=Member id= ip=[::1] status=success
[2026-03-19T20:32:38.959376Z] session=NULL user_id=0 action=GET table=Member id= ip=[::1] status=success
[2026-03-19T20:32:39.460413Z] session=NULL user_id=0 action=GET table=Member id= ip=[::1] status=success
[2026-03-19T20:32:39.54439Z] session=NULL user_id=0 action=GET table=Member id= ip=[::1] status=success
[2026-03-19T20:32:39.62632Z] session=NULL user_id=0 action=GET table=Member id= ip=[::1] status=success
[2026-03-19T20:32:39.703595Z] session=NULL user_id=0 action=GET table=Member id= ip=[::1] status=success
[2026-03-19T20:32:39.795891Z] session=NULL user_id=0 action=GET table=Member id= ip=[::1] status=success
[2026-03-19T20:32:39.887692Z] session=NULL user_id=0 action=GET table=Member id= ip=[::1] status=success
[2026-03-19T20:32:39.968727Z] session=NULL user_id=0 action=GET table=Member id= ip=[::1] status=success
[2026-03-19T20:32:40.051057Z] session=NULL user_id=0 action=GET table=Member id= ip=[::1] status=success
[2026-03-19T20:32:40.128503Z] session=NULL user_id=0 action=GET table=Member id= ip=[::1] status=success
[2026-03-19T20:32:40.213672Z] session=NULL user_id=0 action=GET table=Member id= ip=[::1] status=success
[2026-03-19T20:32:42.170806Z] session=NULL user_id=0 action=GET table=Member id= ip=[::1] status=success
[2026-03-19T20:32:42.282475Z] session=NULL user_id=0 action=GET table=Member id= ip=[::1] status=success
[2026-03-19T20:32:42.399719Z] session=NULL user_id=0 action=GET table=Member id= ip=[::1] status=success
[2026-03-19T20:32:43.763378Z] session=NULL user_id=0 action=GET table=Member id= ip=[::1] status=success
[2026-03-19T20:32:43.905812Z] session=NULL user_id=0 action=GET table=Member id= ip=[::1] status=success
[2026-03-19T20:32:44.092144Z] session=NULL user_id=0 action=GET table=Member id= ip=[::1] status=success
[2026-03-19T20:32:45.20468Z] session=NULL user_id=0 action=GET table=Member id= ip=[::1] status=success
[2026-03-19T20:32:45.439752Z] session=NULL user_id=0 action=GET table=Member id= ip=[::1] status=success
[2026-03-19T20:32:45.620558Z] session=NULL user_id=0 action=GET table=Member id= ip=[::1] status=success
[2026-03-19T20:32:46.065292Z] session=NULL user_id=0 action=GET table=Member id= ip=[::1] status=success
[2026-03-19T20:32:46.310906Z] session=NULL user_id=0 action=GET table=Member id= ip=[::1] status=success
[2026-03-19T20:32:46.63468Z] session=NULL user_id=0 action=GET table=Member id= ip=[::1] status=success
[2026-03-19T20:32:47.135881Z] session=NULL user_id=0 action=GET table=Member id= ip=[::1] status=success
[2026-03-19T20:32:47.210402Z] session=NULL user_id=0 action=GET table=Member id= ip=[::1] status=success
[2026-03-19T20:32:47.301397Z] session=NULL user_id=0 action=GET table=Member id= ip=[::1] status=success
[2026-03-19T20:32:47.387392Z] session=NULL user_id=0 action=GET table=Member id= ip=[::1] status=success
[2026-03-19T20:33:23.652986Z] session=NULL user_id=0 action=GET table=Listing id= ip=[::1] status=success
[2026-03-19T20:33:23.65328Z] session=NULL user_id=0 action=GET table=Notification id= ip=[::1] status=success
[2026-03-19T20:33:23.662627Z] session=NULL user_id=0 action=GET table=Notification id= ip=[::1] status=success
[2026-03-19T20:33:23.663421Z] session=NULL user_id=0 action=GET table=Listing id= ip=[::1] status=success
[2026-03-19T20:33:25.520664Z] session=NULL user_id=0 action=GET table=Member id=1 ip=[::1] status=success
[2026-03-19T20:33:25.52905Z] session=NULL user_id=0 action=GET table=Member id=1 ip=[::1] status=success
[2026-03-19T20:33:27.432011Z] session=NULL user_id=0 action=GET table=Notification id= ip=[::1] status=success
[2026-03-19T20:33:27.432342Z] session=NULL user_id=0 action=GET table=Listing id= ip=[::1] status=success
[2026-03-19T20:33:27.44133Z] session=NULL user_id=0 action=GET table=Listing id= ip=[::1] status=success
[2026-03-19T20:33:27.442423Z] session=NULL user_id=0 action=GET table=Notification id= ip=[::1] status=success
